{
  "createNewUser": {
    "username": "saqib",
    "password": "Test@1234",
    "apiUrl": "https://demoqa.com/Account/v1/User"
  },
  "createdUser": {
    "username": "saqib1221",
    "password": "Test@1234",
    "userID": "83c45a11-a563-4e8f-843e-66a8137dda8e"
  },
  "generateToken": {
    "apiUrl": "https://demoqa.com/Account/v1/GenerateToken"
  },
  "generatedToken": {
    "token": "eyJhbGciOiJIUzI1NiIsInR5cCI6IkpXVCJ9.eyJ1c2VyTmFtZSI6InNhcWliMTIyMSIsInBhc3N3b3JkIjoiVGVzdEAxMjM0IiwiaWF0IjoxNjk1MTE0ODQ1fQ.Hbrkdi5slobbSkU-OAm3Xzw58iFQnyZYIxoLuVEUBj0"
  },
  "books": {
    "apiUrl": "https://demoqa.com/BookStore/v1/Books"
  },
  "availableBooks": [
    {
      "isbn": "9781449331818"
    },
    {
      "isbn": "9781449337711"
    },
    {
      "isbn": "9781449365035"
    },
    {
      "isbn": "9781491904244"
    },
    {
      "isbn": "9781491950296"
    },
    {
      "isbn": "9781593275846"
    },
    {
      "isbn": "9781593277574"
    }
  ],
  "addBooks": {
    "apiUrl": "https://demoqa.com/BookStore/v1/Books"
  },
  "deleteBook": {
    "apiUrl": "https://demoqa.com/BookStore/v1/Book"
  },
  "invalidUser": {
    "username": "string",
    "password": "string"
  }
}