{
    "userDetails": {
        "Email": "test@test.com",
        "firstName": "Alden",
        "lastName": "Cantrell",
        "age": "30",
        "salary": "12345",
        "department": "QA"
    },
    "updateDetails":{
        "firstName": "Gerimedica",
        "lastName": "BV"
    }
}